###############################################################################
#                                                                             #
# IAR ELF Linker V5.40.5.51622/W32 for ARM              10/May/2016  01:43:58 #
# Copyright (C) 2007-2009 IAR Systems AB.                                     #
#                                                                             #
#    Output file  =  D:\Badaboum\5678LAB6\Project\EWARMv5\STM3210E            #
#                    debug\Exe\STM3210E-EVAL.out                              #
#    Map file     =  D:\Badaboum\5678LAB6\Project\EWARMv5\STM3210E            #
#                    debug\List\STM3210E-EVAL.map                             #
#    Command line =  "D:\Badaboum\5678LAB6\Project\EWARMv5\STM3210E           #
#                    debug\Obj\core_cm3.o" "D:\Badaboum\5678LAB6\Project\EWAR #
#                    Mv5\STM3210E debug\Obj\i2c_ee.o"                         #
#                    "D:\Badaboum\5678LAB6\Project\EWARMv5\STM3210E           #
#                    debug\Obj\lcd.o" "D:\Badaboum\5678LAB6\Project\EWARMv5\S #
#                    TM3210E debug\Obj\main.o" "D:\Badaboum\5678LAB6\Project\ #
#                    EWARMv5\STM3210E debug\Obj\misc.o"                       #
#                    "D:\Badaboum\5678LAB6\Project\EWARMv5\STM3210E           #
#                    debug\Obj\startup_stm32f10x_hd.o"                        #
#                    "D:\Badaboum\5678LAB6\Project\EWARMv5\STM3210E           #
#                    debug\Obj\stm32f10x_adc.o" "D:\Badaboum\5678LAB6\Project #
#                    \EWARMv5\STM3210E debug\Obj\stm32f10x_exti.o"            #
#                    "D:\Badaboum\5678LAB6\Project\EWARMv5\STM3210E           #
#                    debug\Obj\stm32f10x_fsmc.o"                              #
#                    "D:\Badaboum\5678LAB6\Project\EWARMv5\STM3210E           #
#                    debug\Obj\stm32f10x_gpio.o"                              #
#                    "D:\Badaboum\5678LAB6\Project\EWARMv5\STM3210E           #
#                    debug\Obj\stm32f10x_i2c.o" "D:\Badaboum\5678LAB6\Project #
#                    \EWARMv5\STM3210E debug\Obj\stm32f10x_it.o"              #
#                    "D:\Badaboum\5678LAB6\Project\EWARMv5\STM3210E           #
#                    debug\Obj\stm32f10x_rcc.o" "D:\Badaboum\5678LAB6\Project #
#                    \EWARMv5\STM3210E debug\Obj\stm32f10x_tim.o"             #
#                    "D:\Badaboum\5678LAB6\Project\EWARMv5\STM3210E           #
#                    debug\Obj\system_stm32f10x.o" -o                         #
#                    "D:\Badaboum\5678LAB6\Project\EWARMv5\STM3210E           #
#                    debug\Exe\STM3210E-EVAL.out" --map                       #
#                    "D:\Badaboum\5678LAB6\Project\EWARMv5\STM3210E           #
#                    debug\List\STM3210E-EVAL.map" --config                   #
#                    D:\Badaboum\5678LAB6\Project\EWARMv5\STM32F10x_FLASH.icf #
#                     --semihosting --entry __iar_program_start               #
#                                                                             #
#                                                                             #
###############################################################################

*******************************************************************************
*** RUNTIME MODEL ATTRIBUTES
***

__endian      = little
__thumb_aware = enabled


*******************************************************************************
*** PLACEMENT SUMMARY
***

"A1":  place at 0x08000000 { ro section .intvec };
"P1":  place in [from 0x08000000 to 0x0807ffff] { ro };
"P2":  place in [from 0x20000000 to 0x2000ffff] {
          rw, block CSTACK, block HEAP };

  Section            Kind        Address    Size  Object
  -------            ----        -------    ----  ------
"A1":                                      0x130
  .intvec            ro code  0x08000000   0x130  startup_stm32f10x_hd.o [1]
                            - 0x08000130   0x130

"P1":                                     0x2f2e
  .text              ro code  0x08000130   0xd5c  main.o [1]
  .text              ro code  0x08000e8c   0x384  lcd.o [1]
  .text              ro code  0x08001210   0x322  stm32f10x_tim.o [1]
  .text              ro code  0x08001534   0x290  stm32f10x_gpio.o [1]
  .text              ro code  0x080017c4   0x246  DblDiv.o [4]
  .text              ro code  0x08001a0c   0x212  stm32f10x_i2c.o [1]
  .text              ro code  0x08001c20   0x1f6  i2c_ee.o [1]
  .text              ro code  0x08001e18   0x1a2  DblMul.o [4]
  .text              ro code  0x08001fbc   0x17e  DblSub.o [4]
  .text              ro code  0x0800213c   0x164  stm32f10x_rcc.o [1]
  .text              ro code  0x080022a0   0x150  system_stm32f10x.o [1]
  .text              ro code  0x080023f0   0x114  stm32f10x_fsmc.o [1]
  .text              ro code  0x08002504    0xe6  DblAdd.o [4]
  .text              ro code  0x080025ec    0xd8  stm32f10x_exti.o [1]
  .text              ro code  0x080026c4    0xb8  stm32f10x_it.o [1]
  .text              ro code  0x0800277c    0x94  packbits_init2.o [4]
  .text              ro code  0x08002810    0x80  misc.o [1]
  .text              ro code  0x08002890    0x70  ABImemcpy.o [4]
  .text              ro code  0x08002900    0x56  DblToI32.o [4]
  .text              ro code  0x08002958    0x2e  DblCmpLe.o [4]
  .text              ro code  0x08002988    0x2e  I32ToDbl.o [4]
  .iar.init_table    const    0x080029b8    0x2c  - Linker created -
  .text              ro code  0x080029e4    0x20  data_init2.o [4]
  .text              ro code  0x08002a04    0x1c  startup_stm32f10x_hd.o [1]
  .text              ro code  0x08002a20    0x1c  iarwstd.o [5]
  .text              ro code  0x08002a3c    0x1a  zero_init2.o [4]
  .text              ro code  0x08002a58    0x18  cmain.o [4]
  .text              ro code  0x08002a70    0x14  exit.o [5]
  .text              ro code  0x08002a84     0xa  cexit.o [4]
  .rodata            const    0x08002a90     0x8  main.o [1]
  .rodata            const    0x08002a98     0x8  main.o [1]
  .text              ro code  0x08002aa0     0x6  exit.o [3]
  .rodata            const    0x08002aa8     0x4  main.o [1]
  .text              ro code  0x08002aac     0x4  startup_stm32f10x_hd.o [1]
  .text              ro code  0x08002ab0     0x4  startup_stm32f10x_hd.o [1]
  .text              ro code  0x08002ab4     0x4  startup_stm32f10x_hd.o [1]
  .text              ro code  0x08002ab8     0x4  startup_stm32f10x_hd.o [1]
  .text              ro code  0x08002abc     0x4  startup_stm32f10x_hd.o [1]
  .text              ro code  0x08002ac0     0x4  startup_stm32f10x_hd.o [1]
  .text              ro code  0x08002ac4     0x4  startup_stm32f10x_hd.o [1]
  .text              ro code  0x08002ac8     0x4  startup_stm32f10x_hd.o [1]
  .text              ro code  0x08002acc     0x4  startup_stm32f10x_hd.o [1]
  .text              ro code  0x08002ad0     0x4  startup_stm32f10x_hd.o [1]
  .text              ro code  0x08002ad4     0x4  startup_stm32f10x_hd.o [1]
  .text              ro code  0x08002ad8     0x4  startup_stm32f10x_hd.o [1]
  .text              ro code  0x08002adc     0x4  startup_stm32f10x_hd.o [1]
  .text              ro code  0x08002ae0     0x4  startup_stm32f10x_hd.o [1]
  .text              ro code  0x08002ae4     0x4  startup_stm32f10x_hd.o [1]
  .text              ro code  0x08002ae8     0x4  startup_stm32f10x_hd.o [1]
  .text              ro code  0x08002aec     0x4  startup_stm32f10x_hd.o [1]
  .text              ro code  0x08002af0     0x4  startup_stm32f10x_hd.o [1]
  .text              ro code  0x08002af4     0x4  startup_stm32f10x_hd.o [1]
  .text              ro code  0x08002af8     0x4  startup_stm32f10x_hd.o [1]
  .text              ro code  0x08002afc     0x4  startup_stm32f10x_hd.o [1]
  .text              ro code  0x08002b00     0x4  startup_stm32f10x_hd.o [1]
  .text              ro code  0x08002b04     0x4  startup_stm32f10x_hd.o [1]
  .text              ro code  0x08002b08     0x4  startup_stm32f10x_hd.o [1]
  .text              ro code  0x08002b0c     0x4  startup_stm32f10x_hd.o [1]
  .text              ro code  0x08002b10     0x4  startup_stm32f10x_hd.o [1]
  .text              ro code  0x08002b14     0x4  startup_stm32f10x_hd.o [1]
  .text              ro code  0x08002b18     0x4  startup_stm32f10x_hd.o [1]
  .text              ro code  0x08002b1c     0x4  startup_stm32f10x_hd.o [1]
  .text              ro code  0x08002b20     0x4  startup_stm32f10x_hd.o [1]
  .text              ro code  0x08002b24     0x4  startup_stm32f10x_hd.o [1]
  .text              ro code  0x08002b28     0x4  startup_stm32f10x_hd.o [1]
  .text              ro code  0x08002b2c     0x4  startup_stm32f10x_hd.o [1]
  .text              ro code  0x08002b30     0x4  startup_stm32f10x_hd.o [1]
  .text              ro code  0x08002b34     0x4  startup_stm32f10x_hd.o [1]
  .text              ro code  0x08002b38     0x4  startup_stm32f10x_hd.o [1]
  .text              ro code  0x08002b3c     0x4  startup_stm32f10x_hd.o [1]
  .text              ro code  0x08002b40     0x4  startup_stm32f10x_hd.o [1]
  .text              ro code  0x08002b44     0x4  startup_stm32f10x_hd.o [1]
  .text              ro code  0x08002b48     0x4  startup_stm32f10x_hd.o [1]
  .text              ro code  0x08002b4c     0x4  startup_stm32f10x_hd.o [1]
  .text              ro code  0x08002b50     0x4  startup_stm32f10x_hd.o [1]
  .text              ro code  0x08002b54     0x4  startup_stm32f10x_hd.o [1]
  .text              ro code  0x08002b58     0x4  startup_stm32f10x_hd.o [1]
  .text              ro code  0x08002b5c     0x4  startup_stm32f10x_hd.o [1]
  .text              ro code  0x08002b60     0x4  startup_stm32f10x_hd.o [1]
  .text              ro code  0x08002b64     0x4  startup_stm32f10x_hd.o [1]
  .text              ro code  0x08002b68     0x4  startup_stm32f10x_hd.o [1]
  .text              ro code  0x08002b6c     0x4  startup_stm32f10x_hd.o [1]
  .text              ro code  0x08002b70     0x4  startup_stm32f10x_hd.o [1]
  .text              ro code  0x08002b74     0x4  startup_stm32f10x_hd.o [1]
  .text              ro code  0x08002b78     0x4  startup_stm32f10x_hd.o [1]
  .text              ro code  0x08002b7c     0x4  startup_stm32f10x_hd.o [1]
  .text              ro code  0x08002b80     0x4  startup_stm32f10x_hd.o [1]
  .text              ro code  0x08002b84     0x4  startup_stm32f10x_hd.o [1]
  .text              ro code  0x08002b88     0x4  startup_stm32f10x_hd.o [1]
  .text              ro code  0x08002b8c     0x4  startup_stm32f10x_hd.o [1]
  .text              ro code  0x08002b90     0x4  startup_stm32f10x_hd.o [1]
  .text              ro code  0x08002b94     0x4  startup_stm32f10x_hd.o [1]
  .text              ro code  0x08002b98     0x4  startup_stm32f10x_hd.o [1]
  .text              ro code  0x08002b9c     0x4  startup_stm32f10x_hd.o [1]
  .text              ro code  0x08002ba0     0x4  startup_stm32f10x_hd.o [1]
  .text              ro code  0x08002ba4     0x4  startup_stm32f10x_hd.o [1]
  .text              ro code  0x08002ba8     0x4  startup_stm32f10x_hd.o [1]
  .text              ro code  0x08002bac     0x4  startup_stm32f10x_hd.o [1]
  .text              ro code  0x08002bb0     0x4  startup_stm32f10x_hd.o [1]
  .text              ro code  0x08002bb4     0x4  startup_stm32f10x_hd.o [1]
  .text              ro code  0x08002bb8     0x4  startup_stm32f10x_hd.o [1]
  .text              ro code  0x08002bbc     0x4  startup_stm32f10x_hd.o [1]
  Initializer bytes  ro data  0x08002bc0   0x49e  <for P2 s0>
                            - 0x0800305e  0x2f2e

"P2", part 1 of 3:                         0x400
  CSTACK                      0x20000000   0x400  <Block>
    CSTACK           uninit   0x20000000   0x400  <Block tail>
                            - 0x20000400   0x400

"P2", part 2 of 3:                          0xf8
  .bss               zero     0x20000400    0x10  main.o [1]
  .bss               zero     0x20000410     0xc  main.o [1]
  .bss               zero     0x20000420     0x8  main.o [1]
  .bss               zero     0x20000428     0x8  main.o [1]
  .bss               zero     0x20000430     0x8  main.o [1]
  .bss               zero     0x20000438     0x8  main.o [1]
  .bss               zero     0x20000440     0x8  main.o [1]
  .bss               zero     0x20000448     0x8  main.o [1]
  .bss               zero     0x20000450     0x8  main.o [1]
  .bss               zero     0x20000458     0x8  main.o [1]
  .bss               zero     0x20000460     0x8  main.o [1]
  .bss               zero     0x20000468     0x8  main.o [1]
  .bss               zero     0x20000470     0x8  main.o [1]
  .bss               zero     0x20000478     0x8  main.o [1]
  .bss               zero     0x20000480     0x8  main.o [1]
  .bss               zero     0x20000488     0x8  main.o [1]
  .bss               zero     0x20000490     0x8  main.o [1]
  .bss               zero     0x20000498     0x8  main.o [1]
  .bss               zero     0x200004a0     0x8  main.o [1]
  .bss               zero     0x200004a8     0x8  main.o [1]
  .bss               zero     0x200004b0     0x8  main.o [1]
  .bss               zero     0x200004b8     0x8  main.o [1]
  .bss               zero     0x200004c0     0x8  main.o [1]
  .bss               zero     0x200004c8     0x8  main.o [1]
  .bss               zero     0x200004d0     0x8  main.o [1]
  .bss               zero     0x200004d8     0x8  main.o [1]
  .bss               zero     0x200004e0     0x4  main.o [1]
  .bss               zero     0x200004e4     0x4  main.o [1]
  .bss               zero     0x200004e8     0x4  main.o [1]
  .bss               zero     0x200004ec     0x4  iarwstd.o [5]
  .bss               zero     0x200004f0     0x2  main.o [1]
  .bss               zero     0x200004f2     0x2  main.o [1]
  .bss               zero     0x200004f4     0x2  main.o [1]
  .bss               zero     0x200004f6     0x1  main.o [1]
  .bss               zero     0x200004f7     0x1  main.o [1]
                            - 0x200004f8    0xf8

"P2", part 3 of 3:                         0x85c
  P2 s0                       0x200004fc   0x858  <Init block>
    .data            inited   0x200004fc   0x800  lcd.o [1]
    .data            inited   0x20000cfc    0x10  main.o [1]
    .data            inited   0x20000d0c    0x10  stm32f10x_rcc.o [1]
    .data            inited   0x20000d1c     0xc  main.o [1]
    .data            inited   0x20000d28     0x8  main.o [1]
    .data            inited   0x20000d30     0x8  main.o [1]
    .data            inited   0x20000d38     0x4  main.o [1]
    .data            inited   0x20000d3c     0x4  main.o [1]
    .data            inited   0x20000d40     0x4  main.o [1]
    .data            inited   0x20000d44     0x4  main.o [1]
    .data            inited   0x20000d48     0x4  main.o [1]
    .data            inited   0x20000d4c     0x4  main.o [1]
    .data            inited   0x20000d50     0x4  stm32f10x_rcc.o [1]
                            - 0x20000d54   0x85c


*******************************************************************************
*** INIT TABLE
***

          Address     Size
          -------     ----
Zero (__iar_zero_init2)
    1 destination range, total size 0xf8:
          0x20000400   0xf8

Copy/packbits (__iar_packbits_init2)
    1 source range, total size 0x49e (55% of destination):
          0x08002bc0  0x49e
    1 destination range, total size 0x858:
          0x200004fc  0x858


*******************************************************************************
*** MODULE SUMMARY
***

    Module                  ro code  ro data  rw data
    ------                  -------  -------  -------
D:\Badaboum\5678LAB6\Project\EWARMv5\STM3210E debug\Obj: [1]
    i2c_ee.o                    502
    lcd.o                       900    1 133    2 048
    main.o                    3 420       57      308
    misc.o                      128
    startup_stm32f10x_hd.o      608
    stm32f10x_exti.o            216
    stm32f10x_fsmc.o            276
    stm32f10x_gpio.o            656
    stm32f10x_i2c.o             530
    stm32f10x_it.o              184
    stm32f10x_rcc.o             356       12       20
    stm32f10x_tim.o             802
    system_stm32f10x.o          336
    -------------------------------------------------
    Total:                    8 914    1 202    2 376

command line: [2]
    -------------------------------------------------
    Total:

dl7M_tl_in.a: [3]
    exit.o                        6
    -------------------------------------------------
    Total:                        6

rt7M_tl.a: [4]
    ABImemcpy.o                 112
    DblAdd.o                    230
    DblCmpLe.o                   46
    DblDiv.o                    582
    DblMul.o                    418
    DblSub.o                    382
    DblToI32.o                   86
    I32ToDbl.o                   46
    cexit.o                      10
    cmain.o                      24
    data_init2.o                 32
    packbits_init2.o            148
    zero_init2.o                 26
    -------------------------------------------------
    Total:                    2 142

shb_l.a: [5]
    exit.o                       20
    iarwstd.o                    28                 4
    -------------------------------------------------
    Total:                       48                 4

    Gaps                         20        6        8
    Linker created                        44    1 024
-----------------------------------------------------
    Grand Total:             11 130    1 252    3 412


*******************************************************************************
*** ENTRY LIST
***

Entry                      Address   Size  Type      Object
-----                      -------   ----  ----      ------
ADC1_2_IRQHandler       0x08002b19         Code  Wk  startup_stm32f10x_hd.o [1]
ADC3_IRQHandler         0x08002b8d         Code  Wk  startup_stm32f10x_hd.o [1]
ADCPrescTable           0x20000d50    0x4  Data  Lc  stm32f10x_rcc.o [1]
ADXL_Init               0x08000635   0x42  Code  Gb  main.o [1]
APBAHBPrescTable        0x20000d0c   0x10  Data  Lc  stm32f10x_rcc.o [1]
BusFault_Handler        0x080026cb    0x2  Code  Gb  stm32f10x_it.o [1]
CAN1_RX1_IRQHandler     0x08002b25         Code  Wk  startup_stm32f10x_hd.o [1]
CAN1_SCE_IRQHandler     0x08002b29         Code  Wk  startup_stm32f10x_hd.o [1]
CSTACK$$Base            0x20000000          --   Gb  - Linker created -
CSTACK$$Limit           0x20000400          --   Gb  - Linker created -
ChineseTable            0x200004fc  0x800  Data  Gb  lcd.o [1]
Compute                 0x080007d9  0x2a8  Code  Gb  main.o [1]
Cur_RawGX               0x200004f0    0x2  Data  Gb  main.o [1]
Cur_RawGY               0x200004f2    0x2  Data  Gb  main.o [1]
Cur_RawGZ               0x200004f4    0x2  Data  Gb  main.o [1]
DMA1_Channel1_IRQHandler
                        0x08002afd         Code  Wk  startup_stm32f10x_hd.o [1]
DMA1_Channel2_IRQHandler
                        0x08002b01         Code  Wk  startup_stm32f10x_hd.o [1]
DMA1_Channel3_IRQHandler
                        0x08002b05         Code  Wk  startup_stm32f10x_hd.o [1]
DMA1_Channel4_IRQHandler
                        0x08002b09         Code  Wk  startup_stm32f10x_hd.o [1]
DMA1_Channel5_IRQHandler
                        0x08002b0d         Code  Wk  startup_stm32f10x_hd.o [1]
DMA1_Channel6_IRQHandler
                        0x08002b11         Code  Wk  startup_stm32f10x_hd.o [1]
DMA1_Channel7_IRQHandler
                        0x08002b15         Code  Wk  startup_stm32f10x_hd.o [1]
DMA2_Channel1_IRQHandler
                        0x08002bb1         Code  Wk  startup_stm32f10x_hd.o [1]
DMA2_Channel2_IRQHandler
                        0x08002bb5         Code  Wk  startup_stm32f10x_hd.o [1]
DMA2_Channel3_IRQHandler
                        0x08002bb9         Code  Wk  startup_stm32f10x_hd.o [1]
DMA2_Channel4_5_IRQHandler
                        0x08002bbd         Code  Wk  startup_stm32f10x_hd.o [1]
DebugMon_Handler        0x080026d1    0x2  Code  Gb  stm32f10x_it.o [1]
EXTI0_IRQHandler        0x08002ae9         Code  Wk  startup_stm32f10x_hd.o [1]
EXTI15_10_IRQHandler    0x08002b71         Code  Wk  startup_stm32f10x_hd.o [1]
EXTI1_IRQHandler        0x08002725   0x58  Code  Gb  stm32f10x_it.o [1]
EXTI2_IRQHandler        0x08002af1         Code  Wk  startup_stm32f10x_hd.o [1]
EXTI3_IRQHandler        0x08002af5         Code  Wk  startup_stm32f10x_hd.o [1]
EXTI4_IRQHandler        0x08002af9         Code  Wk  startup_stm32f10x_hd.o [1]
EXTI9_5_IRQHandler      0x08002b2d         Code  Wk  startup_stm32f10x_hd.o [1]
EXTI_ClearITPendingBit  0x080026b9    0x6  Code  Gb  stm32f10x_exti.o [1]
EXTI_GetITStatus        0x08002685   0x2c  Code  Gb  stm32f10x_exti.o [1]
EXTI_Init               0x080025ed   0x8a  Code  Gb  stm32f10x_exti.o [1]
EXTI_InitStructure      0x200004d8    0x8  Data  Gb  main.o [1]
FLASH_IRQHandler        0x08002ae1         Code  Wk  startup_stm32f10x_hd.o [1]
FSMC_IRQHandler         0x08002b91         Code  Wk  startup_stm32f10x_hd.o [1]
FSMC_NORSRAMCmd         0x080024cd   0x38  Code  Gb  stm32f10x_fsmc.o [1]
FSMC_NORSRAMInit        0x080023f1   0xd8  Code  Gb  stm32f10x_fsmc.o [1]
GPIO_DeInit             0x08001535   0xcc  Code  Gb  stm32f10x_gpio.o [1]
GPIO_EE_Configuration   0x08001c21   0x34  Code  Gb  i2c_ee.o [1]
GPIO_EXTILineConfig     0x0800176d   0x58  Code  Gb  stm32f10x_gpio.o [1]
GPIO_Init               0x08001601  0x150  Code  Gb  stm32f10x_gpio.o [1]
GPIO_InitStructure      0x200004e0    0x4  Data  Gb  main.o [1]
GPIO_ReadInputDataBit   0x08001751   0x1a  Code  Gb  stm32f10x_gpio.o [1]
Get_Gyro_Val            0x080003a5  0x1bc  Code  Gb  main.o [1]
GyroTest                0x200004f6    0x1  Data  Gb  main.o [1]
Gyro_Init_Test          0x0800035d   0x48  Code  Gb  main.o [1]
HardFault_Handler       0x080026c7    0x2  Code  Gb  stm32f10x_it.o [1]
I2C1_ER_IRQHandler      0x08002b51         Code  Wk  startup_stm32f10x_hd.o [1]
I2C1_EV_IRQHandler      0x08002b4d         Code  Wk  startup_stm32f10x_hd.o [1]
I2C2_ER_IRQHandler      0x08002b59         Code  Wk  startup_stm32f10x_hd.o [1]
I2C2_EV_IRQHandler      0x08002b55         Code  Wk  startup_stm32f10x_hd.o [1]
I2C_AcknowledgeConfig   0x08001b5d   0x1c  Code  Gb  stm32f10x_i2c.o [1]
I2C_ByteRead            0x08001d29   0xd4  Code  Gb  i2c_ee.o [1]
I2C_ByteWrite           0x08001cb7   0x70  Code  Gb  i2c_ee.o [1]
I2C_CheckEvent          0x08001b9b   0x3c  Code  Gb  stm32f10x_i2c.o [1]
I2C_Cmd                 0x08001b05   0x1c  Code  Gb  stm32f10x_i2c.o [1]
I2C_Configuration       0x08001c55   0x44  Code  Gb  i2c_ee.o [1]
I2C_EE_Init             0x08001c99   0x1e  Code  Gb  i2c_ee.o [1]
I2C_GenerateSTART       0x08001b21   0x1e  Code  Gb  stm32f10x_i2c.o [1]
I2C_GenerateSTOP        0x08001b3f   0x1e  Code  Gb  stm32f10x_i2c.o [1]
I2C_GetFlagStatus       0x08001bd7   0x48  Code  Gb  stm32f10x_i2c.o [1]
I2C_Init                0x08001a0d   0xf8  Code  Gb  stm32f10x_i2c.o [1]
I2C_ReceiveData         0x08001b7f    0x6  Code  Gb  stm32f10x_i2c.o [1]
I2C_Send7bitAddress     0x08001b85   0x16  Code  Gb  stm32f10x_i2c.o [1]
I2C_SendData            0x08001b79    0x6  Code  Gb  stm32f10x_i2c.o [1]
Init_Pin                0x08000131   0x34  Code  Gb  main.o [1]
Init_Timer              0x08000165   0xe2  Code  Gb  main.o [1]
Init_Timer_MS           0x08000251   0x9e  Code  Gb  main.o [1]
Interrupt_Attach        0x080002fd   0x28  Code  Gb  main.o [1]
LCD_Clear               0x080010c9   0x60  Code  Gb  lcd.o [1]
LCD_CtrlLinesConfig     0x0800112d   0x78  Code  Gb  lcd.o [1]
LCD_DrawChar            0x08000e8d   0xc8  Code  Gb  lcd.o [1]
LCD_DrawString          0x08000f55   0x4a  Code  Gb  lcd.o [1]
LCD_FSMCConfig          0x080011a5   0x6c  Code  Gb  lcd.o [1]
LCD_PrintP3             0x08000561   0xd0  Code  Gb  main.o [1]
LongEEDelay             0x08001e0d    0xa  Code  Gb  i2c_ee.o [1]
MaxDuty                 0x20000d38    0x4  Data  Gb  main.o [1]
MaxDutyP                0x20000d40    0x4  Data  Gb  main.o [1]
MemManage_Handler       0x080026c9    0x2  Code  Gb  stm32f10x_it.o [1]
MinDuty                 0x20000d3c    0x4  Data  Gb  main.o [1]
MinDutyP                0x20000d44    0x4  Data  Gb  main.o [1]
MotorStarter            0x200004e8    0x4  Data  Gb  main.o [1]
NMI_Handler             0x080026c5    0x2  Code  Gb  stm32f10x_it.o [1]
NVIC_Init               0x08002811   0x7c  Code  Gb  misc.o [1]
NVIC_InitStructure      0x200004e4    0x4  Data  Gb  main.o [1]
Offset_GX               0x20000450    0x8  Data  Gb  main.o [1]
Offset_GY               0x20000458    0x8  Data  Gb  main.o [1]
Offset_GZ               0x20000460    0x8  Data  Gb  main.o [1]
PID_pwm                 0x08000ae9  0x1a0  Code  Gb  main.o [1]
PITCH_ITerm             0x20000498    0x8  Data  Gb  main.o [1]
PITCH_LastInput         0x200004a8    0x8  Data  Gb  main.o [1]
PITCH_Output            0x20000488    0x8  Data  Gb  main.o [1]
PITCH_Output_angle      0x200004b8    0x8  Data  Gb  main.o [1]
PVD_IRQHandler          0x08002ad5         Code  Wk  startup_stm32f10x_hd.o [1]
PendSV_Handler          0x080026d3    0x2  Code  Gb  stm32f10x_it.o [1]
RCC_APB1PeriphClockCmd  0x08002259   0x24  Code  Gb  stm32f10x_rcc.o [1]
RCC_APB2PeriphClockCmd  0x08002235   0x24  Code  Gb  stm32f10x_rcc.o [1]
RCC_APB2PeriphResetCmd  0x0800227d   0x24  Code  Gb  stm32f10x_rcc.o [1]
RCC_GetClocksFreq       0x0800213d   0xf4  Code  Gb  stm32f10x_rcc.o [1]
RCC_IRQHandler          0x08002ae5         Code  Wk  startup_stm32f10x_hd.o [1]
ROLL_ITerm              0x20000490    0x8  Data  Gb  main.o [1]
ROLL_LastInput          0x200004a0    0x8  Data  Gb  main.o [1]
ROLL_Output             0x20000480    0x8  Data  Gb  main.o [1]
ROLL_Output_angle       0x200004b0    0x8  Data  Gb  main.o [1]
RTCAlarm_IRQHandler     0x08002b75         Code  Wk  startup_stm32f10x_hd.o [1]
RTC_IRQHandler          0x08002add         Code  Wk  startup_stm32f10x_hd.o [1]
Read                    0x200004f7    0x1  Data  Gb  main.o [1]
Region$$Table$$Base     0x080029b8          --   Gb  - Linker created -
Region$$Table$$Limit    0x080029e4          --   Gb  - Linker created -
SDIO_IRQHandler         0x08002b95         Code  Wk  startup_stm32f10x_hd.o [1]
SPI1_IRQHandler         0x08002b5d         Code  Wk  startup_stm32f10x_hd.o [1]
SPI2_IRQHandler         0x08002b61         Code  Wk  startup_stm32f10x_hd.o [1]
SPI3_IRQHandler         0x08002b9d         Code  Wk  startup_stm32f10x_hd.o [1]
STM3210E_LCD_Init       0x08000ff5   0xd4  Code  Gb  lcd.o [1]
SVC_Handler             0x080026cf    0x2  Code  Gb  stm32f10x_it.o [1]
SampleTime              0x20000d4c    0x4  Data  Gb  main.o [1]
SetSysClock             0x080022f9    0x8  Code  Lc  system_stm32f10x.o [1]
SetSysClockTo72         0x08002301   0xe8  Code  Lc  system_stm32f10x.o [1]
SetTunings              0x08000a81   0x68  Code  Gb  main.o [1]
Set_EXT_Channel         0x08000325   0x38  Code  Gb  main.o [1]
Setpoint                0x20000468    0x8  Data  Gb  main.o [1]
SysTick_Handler         0x080026d5    0x2  Code  Gb  stm32f10x_it.o [1]
SystemInit              0x080022a1   0x58  Code  Gb  system_stm32f10x.o [1]
SystemInit_ExtMemCtl    0x08002a05         Code  Wk  startup_stm32f10x_hd.o [1]
TAMPER_IRQHandler       0x08002ad9         Code  Wk  startup_stm32f10x_hd.o [1]
TIM1_BRK_IRQHandler     0x08002b31         Code  Wk  startup_stm32f10x_hd.o [1]
TIM1_CC_IRQHandler      0x08002b3d         Code  Wk  startup_stm32f10x_hd.o [1]
TIM1_TRG_COM_IRQHandler
                        0x08002b39         Code  Wk  startup_stm32f10x_hd.o [1]
TIM1_UP_IRQHandler      0x08002b35         Code  Wk  startup_stm32f10x_hd.o [1]
TIM2_IRQHandler         0x080026d9   0x22  Code  Gb  stm32f10x_it.o [1]
TIM3_IRQHandler         0x080026d7    0x2  Code  Gb  stm32f10x_it.o [1]
TIM4_IRQHandler         0x08002b49         Code  Wk  startup_stm32f10x_hd.o [1]
TIM5_IRQHandler         0x080026fd   0x24  Code  Gb  stm32f10x_it.o [1]
TIM6_IRQHandler         0x08002ba9         Code  Wk  startup_stm32f10x_hd.o [1]
TIM7_IRQHandler         0x08002bad         Code  Wk  startup_stm32f10x_hd.o [1]
TIM8_BRK_IRQHandler     0x08002b7d         Code  Wk  startup_stm32f10x_hd.o [1]
TIM8_CC_IRQHandler      0x08002b89         Code  Wk  startup_stm32f10x_hd.o [1]
TIM8_TRG_COM_IRQHandler
                        0x08002b85         Code  Wk  startup_stm32f10x_hd.o [1]
TIM8_UP_IRQHandler      0x08002b81         Code  Wk  startup_stm32f10x_hd.o [1]
TIM_ClearITPendingBit   0x0800152b    0x8  Code  Gb  stm32f10x_tim.o [1]
TIM_Cmd                 0x0800144d   0x1c  Code  Gb  stm32f10x_tim.o [1]
TIM_CtrlPWMOutputs      0x08001469   0x22  Code  Gb  stm32f10x_tim.o [1]
TIM_GetCounter          0x080014ef    0x4  Code  Gb  stm32f10x_tim.o [1]
TIM_GetITStatus         0x080014f3   0x38  Code  Gb  stm32f10x_tim.o [1]
TIM_ITConfig            0x0800148b   0x16  Code  Gb  stm32f10x_tim.o [1]
TIM_OC1Init             0x08001247   0x7e  Code  Gb  stm32f10x_tim.o [1]
TIM_OC2Init             0x080012c5   0x8c  Code  Gb  stm32f10x_tim.o [1]
TIM_OC3Init             0x08001351   0x8a  Code  Gb  stm32f10x_tim.o [1]
TIM_OC4Init             0x080013db   0x68  Code  Gb  stm32f10x_tim.o [1]
TIM_OCInitStructure     0x20000400   0x10  Data  Gb  main.o [1]
TIM_SelectInputTrigger  0x080014a1   0x14  Code  Gb  stm32f10x_tim.o [1]
TIM_SelectMasterSlaveMode
                        0x080014d9   0x12  Code  Gb  stm32f10x_tim.o [1]
TIM_SelectOutputTrigger
                        0x080014b5   0x12  Code  Gb  stm32f10x_tim.o [1]
TIM_SelectSlaveMode     0x080014c7   0x12  Code  Gb  stm32f10x_tim.o [1]
TIM_SetCounter          0x080014eb    0x4  Code  Gb  stm32f10x_tim.o [1]
TIM_TimeBaseInit        0x08001211   0x36  Code  Gb  stm32f10x_tim.o [1]
TIM_TimeBaseStructure   0x20000410    0xc  Data  Gb  main.o [1]
UART4_IRQHandler        0x08002ba1         Code  Wk  startup_stm32f10x_hd.o [1]
UART5_IRQHandler        0x08002ba5         Code  Wk  startup_stm32f10x_hd.o [1]
USART1_IRQHandler       0x08002b65         Code  Wk  startup_stm32f10x_hd.o [1]
USART2_IRQHandler       0x08002b69         Code  Wk  startup_stm32f10x_hd.o [1]
USART3_IRQHandler       0x08002b6d         Code  Wk  startup_stm32f10x_hd.o [1]
USBWakeUp_IRQHandler    0x08002b79         Code  Wk  startup_stm32f10x_hd.o [1]
USB_HP_CAN1_TX_IRQHandler
                        0x08002b1d         Code  Wk  startup_stm32f10x_hd.o [1]
USB_LP_CAN1_RX0_IRQHandler
                        0x08002b21         Code  Wk  startup_stm32f10x_hd.o [1]
UsageFault_Handler      0x080026cd    0x2  Code  Gb  stm32f10x_it.o [1]
WWDG_IRQHandler         0x08002ad1         Code  Wk  startup_stm32f10x_hd.o [1]
__aeabi_cdcmple         0x08002959         Code  Gb  DblCmpLe.o [4]
__aeabi_d2iz            0x08002901         Code  Gb  DblToI32.o [4]
__aeabi_d2uiz           0x0800292d         Code  Gb  DblToI32.o [4]
__aeabi_dadd            0x08002505         Code  Gb  DblAdd.o [4]
__aeabi_ddiv            0x080017c5         Code  Gb  DblDiv.o [4]
__aeabi_dmul            0x08001e19         Code  Gb  DblMul.o [4]
__aeabi_dsub            0x08001fbd         Code  Gb  DblSub.o [4]
__aeabi_i2d             0x08002989         Code  Gb  I32ToDbl.o [4]
__aeabi_memcpy          0x08002891         Code  Gb  ABImemcpy.o [4]
__aeabi_memcpy4         0x080028ab         Code  Gb  ABImemcpy.o [4]
__aeabi_memcpy8         0x080028ab         Code  Gb  ABImemcpy.o [4]
__aeabi_ui2d            0x0800299d         Code  Gb  I32ToDbl.o [4]
__exit                  0x08002a71   0x14  Code  Gb  exit.o [5]
__iar_d2uiz             0x08002937         Code  Gb  DblToI32.o [4]
__iar_dadd              0x08002517         Code  Gb  DblAdd.o [4]
__iar_data_init2        0x080029e5   0x20  Code  Gb  data_init2.o [4]
__iar_dsub              0x08001fcf         Code  Gb  DblSub.o [4]
__iar_dsubStart         0x08001fe1         Code  Gb  DblSub.o [4]
__iar_packbits_init2    0x0800277d   0x94  Code  Gb  packbits_init2.o [4]
__iar_program_start     0x08002a59         Code  Gb  cmain.o [4]
__iar_sh_stdout_close   0x08002a21   0x16  Code  Gb  iarwstd.o [5]
__iar_sh_stdout_handle  0x200004ec    0x4  Data  Lc  iarwstd.o [5]
__iar_ui2d              0x0800299f         Code  Gb  I32ToDbl.o [4]
__iar_zero_init2        0x08002a3d   0x1a  Code  Gb  zero_init2.o [4]
__low_level_init        0x08002a07         Code  Gb  startup_stm32f10x_hd.o [1]
__vector_table          0x08000000         Data  Gb  startup_stm32f10x_hd.o [1]
_exit                   0x08002a85         Code  Gb  cexit.o [4]
_main                   0x08002a6b         Code  Gb  cmain.o [4]
baseValue               0x20000d48    0x4  Data  Gb  main.o [1]
delay                   0x08000f9f   0x20  Code  Gb  lcd.o [1]
exit                    0x08002aa1    0x6  Code  Gb  exit.o [3]
fXg                     0x20000420    0x8  Data  Gb  main.o [1]
fYg                     0x20000428    0x8  Data  Gb  main.o [1]
fZg                     0x20000430    0x8  Data  Gb  main.o [1]
kd                      0x200004d0    0x8  Data  Gb  main.o [1]
ki                      0x200004c8    0x8  Data  Gb  main.o [1]
kp                      0x200004c0    0x8  Data  Gb  main.o [1]
main                    0x08000c89  0x204  Code  Gb  main.o [1]
motorDuty               0x20000cfc   0x10  Data  Gb  main.o [1]
myHex                   0x20000d1c    0xc  Data  Gb  main.o [1]
outMax                  0x20000d30    0x8  Data  Gb  main.o [1]
outMin                  0x20000d28    0x8  Data  Gb  main.o [1]
pitch_PID               0x20000478    0x8  Data  Gb  main.o [1]
power_delay             0x08000fd9   0x1c  Code  Gb  lcd.o [1]
reset_delay             0x08000fbf   0x18  Code  Gb  lcd.o [1]
roll_PID                0x20000470    0x8  Data  Gb  main.o [1]
transmit_pwm            0x08000679  0x144  Code  Gb  main.o [1]
xg                      0x20000438    0x8  Data  Gb  main.o [1]
yg                      0x20000440    0x8  Data  Gb  main.o [1]
zg                      0x20000448    0x8  Data  Gb  main.o [1]


[1] = D:\Badaboum\5678LAB6\Project\EWARMv5\STM3210E debug\Obj
[2] = command line
[3] = dl7M_tl_in.a
[4] = rt7M_tl.a
[5] = shb_l.a

  11 130 bytes of readonly  code memory
   1 252 bytes of readonly  data memory
   3 412 bytes of readwrite data memory

Errors: none
Warnings: none
